d:\ubb info\ubb info - anul iii (2025-2026)\semestrul 5\ppd\teme-lab\lab1\rezolvari c++\rezolvare_alocare_statica_cpp\rezolvar.7be31cdc\x64\debug\vc143.pdb
d:\ubb info\ubb info - anul iii (2025-2026)\semestrul 5\ppd\teme-lab\lab1\rezolvari c++\rezolvare_alocare_statica_cpp\rezolvar.7be31cdc\x64\debug\vc143.idb
d:\ubb info\ubb info - anul iii (2025-2026)\semestrul 5\ppd\teme-lab\lab1\rezolvari c++\rezolvare_alocare_statica_cpp\rezolvar.7be31cdc\x64\debug\paralel_linii.obj
d:\ubb info\ubb info - anul iii (2025-2026)\semestrul 5\ppd\teme-lab\lab1\rezolvari c++\rezolvare_alocare_statica_cpp\rezolvar.7be31cdc\x64\debug\secvential.obj
d:\ubb info\ubb info - anul iii (2025-2026)\semestrul 5\ppd\teme-lab\lab1\rezolvari c++\rezolvare_alocare_statica_cpp\rezolvar.7be31cdc\x64\debug\paralel_coloane.obj
d:\ubb info\ubb info - anul iii (2025-2026)\semestrul 5\ppd\teme-lab\lab1\rezolvari c++\rezolvare_alocare_statica_cpp\rezolvar.7be31cdc\x64\debug\main.obj
d:\ubb info\ubb info - anul iii (2025-2026)\semestrul 5\ppd\teme-lab\lab1\rezolvari c++\rezolvare_alocare_statica_cpp\x64\debug\rezolvare_secventiala_cpp.exe
d:\ubb info\ubb info - anul iii (2025-2026)\semestrul 5\ppd\teme-lab\lab1\rezolvari c++\rezolvare_alocare_statica_cpp\x64\debug\rezolvare_secventiala_cpp.pdb
d:\ubb info\ubb info - anul iii (2025-2026)\semestrul 5\ppd\teme-lab\lab1\rezolvari c++\rezolvare_alocare_statica_cpp\rezolvar.7be31cdc\x64\debug\rezolvare_secventiala_cpp.ilk
c:\users\razva\desktop\ppd\rezolvari c++\rezolvare_alocare_statica_cpp\rezolvar.7be31cdc\x64\debug\main.obj
c:\users\razva\desktop\ppd\rezolvari c++\rezolvare_alocare_statica_cpp\rezolvar.7be31cdc\x64\debug\paralel_coloane.obj
c:\users\razva\desktop\ppd\rezolvari c++\rezolvare_alocare_statica_cpp\rezolvar.7be31cdc\x64\debug\paralel_linii.obj
c:\users\razva\desktop\ppd\rezolvari c++\rezolvare_alocare_statica_cpp\rezolvar.7be31cdc\x64\debug\secvential.obj
c:\users\razva\desktop\ppd\rezolvari c++\rezolvare_alocare_statica_cpp\rezolvar.7be31cdc\x64\debug\rezolvare_secventiala_cpp.ilk
c:\users\razva\desktop\ppd\rezolvari c++\rezolvare_alocare_statica_cpp\rezolvar.7be31cdc\x64\debug\vc143.idb
c:\users\razva\desktop\ppd\rezolvari c++\rezolvare_alocare_statica_cpp\rezolvar.7be31cdc\x64\debug\vc143.pdb
c:\users\razva\desktop\ppd\rezolvari c++\rezolvare_alocare_statica_cpp\x64\debug\rezolvare_secventiala_cpp.pdb
c:\users\razva\desktop\ppd\rezolvari c++\rezolvare_alocare_statica_cpp\x64\debug\rezolvare_secventiala_cpp.exe
c:\users\razva\desktop\ppd\rezolvari c++\rezolvare_alocare_statica_cpp\rezolvar.7be31cdc\x64\debug\rezolvar.7be31cdc.tlog\cl.command.1.tlog
c:\users\razva\desktop\ppd\rezolvari c++\rezolvare_alocare_statica_cpp\rezolvar.7be31cdc\x64\debug\rezolvar.7be31cdc.tlog\cl.items.tlog
c:\users\razva\desktop\ppd\rezolvari c++\rezolvare_alocare_statica_cpp\rezolvar.7be31cdc\x64\debug\rezolvar.7be31cdc.tlog\cl.read.1.tlog
c:\users\razva\desktop\ppd\rezolvari c++\rezolvare_alocare_statica_cpp\rezolvar.7be31cdc\x64\debug\rezolvar.7be31cdc.tlog\cl.write.1.tlog
c:\users\razva\desktop\ppd\rezolvari c++\rezolvare_alocare_statica_cpp\rezolvar.7be31cdc\x64\debug\rezolvar.7be31cdc.tlog\link.command.1.tlog
c:\users\razva\desktop\ppd\rezolvari c++\rezolvare_alocare_statica_cpp\rezolvar.7be31cdc\x64\debug\rezolvar.7be31cdc.tlog\link.read.1.tlog
c:\users\razva\desktop\ppd\rezolvari c++\rezolvare_alocare_statica_cpp\rezolvar.7be31cdc\x64\debug\rezolvar.7be31cdc.tlog\link.secondary.1.tlog
c:\users\razva\desktop\ppd\rezolvari c++\rezolvare_alocare_statica_cpp\rezolvar.7be31cdc\x64\debug\rezolvar.7be31cdc.tlog\link.write.1.tlog
